// Jest Snapshot v1, https://goo.gl/fbAQLP

exports[`button 1`] = `"<button class=\\"\\">sum(10, 20) -&gt; 30</button>"`;

exports[`button 2`] = `
<button
  className=""
>
  sum(10, 20) -&gt; 30
</button>
`;

exports[`button 3`] = `
<button
  className=""
>
  sum(10, 20) -&gt; 30
</button>
`;

exports[`button 4`] = `
Object {
  "instance": null,
  "nodeType": "component",
  "props": Object {
    "a": 10,
    "b": 20,
  },
  "rendered": Object {
    "instance": null,
    "nodeType": "host",
    "props": Object {
      "children": "sum(10, 20) -> 30",
      "className": "",
    },
    "rendered": Array [
      "sum(10, 20) -> 30",
    ],
    "type": "button",
  },
  "type": [Function],
}
`;
